// Jest Snapshot v1, https://goo.gl/fbAQLP

exports[`SearchSuggestions renders correctly 1`] = `
<ul
  className="list"
  display-if={
    Object {
      "get": [Function],
      "hashCode": [Function],
    }
  }
>
  <Component
    array={
      Array [
        Object {
          "get": [Function],
          "hashCode": [Function],
        },
        Object {
          "get": [Function],
          "hashCode": [Function],
        },
      ]
    }
    factory={[Function]}
  />
</ul>
`;
